[2019-05-21 11:29:36,452]-[ERROR]-[日志信息]:Message: 

[2019-06-19 10:27:25,832]-[ERROR]-[日志信息]:Message: 

[2019-06-19 10:31:47,109]-[ERROR]-[日志信息]:Message: 

[2019-06-19 10:32:27,962]-[ERROR]-[日志信息]:Message: 

